2026-10-01T15:56:56.064+09:00  INFO 37132 --- [demo] [main] com.example.demo.DemoApplication         : Starting DemoApplication using Java 21.0.12.1 with PID 37132 (C:\Users\user1\Desktop\spring-study\target\classes started by user1 in C:\Users\user1\Desktop\spring-study)
2026-10-01T15:56:56.074+09:00  INFO 37132 --- [demo] [main] com.example.demo.DemoApplication         : No active profile set, falling back to 1 default profile: "default"
2026-10-01T15:56:58.117+09:00  INFO 37132 --- [demo] [main] .s.d.r.c.RepositoryConfigurationDelegate : Bootstrapping Spring Data JPA repositories in DEFAULT mode.
2026-10-01T15:56:58.237+09:00  INFO 37132 --- [demo] [main] .s.d.r.c.RepositoryConfigurationDelegate : Finished Spring Data repository scanning in 95 ms. Found 2 JPA repository interfaces.
2026-10-01T15:57:00.006+09:00  INFO 37132 --- [demo] [main] o.s.boot.tomcat.TomcatWebServer          : Tomcat initialized with port 8080 (http)
2026-10-01T15:57:00.052+09:00  INFO 37132 --- [demo] [main] o.apache.catalina.core.StandardService   : Starting service [Tomcat]
2026-10-01T15:57:00.054+09:00  INFO 37132 --- [demo] [main] o.apache.catalina.core.StandardEngine    : Starting Servlet engine: [Apache Tomcat/11.0.24]
2026-10-01T15:57:00.239+09:00  INFO 37132 --- [demo] [main] b.w.c.s.WebApplicationContextInitializer : Root WebApplicationContext: initialization completed in 4031 ms
2026-10-01T15:57:00.740+09:00  INFO 37132 --- [demo] [main] org.hibernate.orm.jpa                    : HHH008540: Processing PersistenceUnitInfo [name: default]
2026-10-01T15:57:00.938+09:00  INFO 37132 --- [demo] [main] org.hibernate.orm.core                   : HHH000001: Hibernate ORM core version 7.4.5.Final
2026-10-01T15:57:02.018+09:00  INFO 37132 --- [demo] [main] o.s.o.j.p.SpringPersistenceUnitInfo      : No LoadTimeWeaver setup: ignoring JPA class transformer
2026-10-01T15:57:02.120+09:00  INFO 37132 --- [demo] [main] com.zaxxer.hikari.HikariDataSource       : HikariPool-1 - Starting...
2026-10-01T15:57:03.190+09:00  INFO 37132 --- [demo] [main] com.zaxxer.hikari.pool.HikariPool        : HikariPool-1 - Added connection com.mysql.cj.jdbc.ConnectionImpl@5c13af01
2026-10-01T15:57:03.199+09:00  INFO 37132 --- [demo] [main] com.zaxxer.hikari.HikariDataSource       : HikariPool-1 - Start completed.
2026-10-01T15:57:03.648+09:00  INFO 37132 --- [demo] [main] org.hibernate.orm.connections.pooling    : HHH10001005: Database info:
	Database JDBC URL [jdbc:mysql://localhost:3306/spring_db]
	Database driver: MySQL Connector/J
	Database dialect: MySQLDialect
	Database version: 8.0.46
	Default catalog/schema: spring_db/undefined
	Autocommit mode: undefined/unknown
	Isolation level: REPEATABLE_READ [default REPEATABLE_READ]
	JDBC fetch size: none
	Pool: DataSourceConnectionProvider
	Minimum pool size: undefined/unknown
	Maximum pool size: undefined/unknown
2026-10-01T15:57:06.038+09:00  INFO 37132 --- [demo] [main] org.hibernate.orm.core                   : HHH000489: No JTA platform available (set 'hibernate.transaction.jta.platform' to enable JTA platform integration)
2026-10-01T15:57:06.406+09:00  INFO 37132 --- [demo] [main] j.LocalContainerEntityManagerFactoryBean : Initialized JPA EntityManagerFactory for persistence unit 'default'
2026-10-01T15:57:06.557+09:00  INFO 37132 --- [demo] [main] o.s.d.j.r.query.QueryEnhancerFactories   : Hibernate is in classpath; If applicable, HQL parser will be used.
2026-10-01T15:57:07.197+09:00  WARN 37132 --- [demo] [main] JpaBaseConfiguration$JpaWebConfiguration : spring.jpa.open-in-view is enabled by default. Therefore, database queries may be performed during view rendering. Explicitly configure spring.jpa.open-in-view to disable this warning
2026-10-01T15:57:08.051+09:00  INFO 37132 --- [demo] [main] o.s.boot.tomcat.TomcatWebServer          : Tomcat started on port 8080 (http) with context path '/'
2026-10-01T15:57:08.064+09:00  INFO 37132 --- [demo] [main] com.example.demo.DemoApplication         : Started DemoApplication in 13.116 seconds (process running for 14.408)
2026-10-01T15:58:19.790+09:00  INFO 37132 --- [demo] [http-nio-8080-exec-1] o.a.c.c.C.[Tomcat].[localhost].[/]       : Initializing Spring DispatcherServlet 'dispatcherServlet'
2026-10-01T15:58:19.806+09:00  INFO 37132 --- [demo] [http-nio-8080-exec-1] o.s.web.servlet.DispatcherServlet        : Initializing Servlet 'dispatcherServlet'
2026-10-01T15:58:19.851+09:00  INFO 37132 --- [demo] [http-nio-8080-exec-1] o.s.web.servlet.DispatcherServlet        : Completed initialization in 42 ms
2026-10-01T15:58:21.632+09:00  INFO 37132 --- [demo] [http-nio-8080-exec-4] o.springdoc.api.AbstractOpenApiResource  : Init duration for springdoc-openapi is: 662 ms
2026-10-01T15:58:57.050+09:00  INFO 37132 --- [demo] [http-nio-8080-exec-5] com.example.demo.PetService              : 🐾　新しいペットの登録処理を開始します。リクエストデータ - 名前: ログのすけ, 品種: 土佐犬
2026-10-01T15:58:57.254+09:00  INFO 37132 --- [demo] [http-nio-8080-exec-5] com.example.demo.PetService              : ✅ DBへの保存が正常に完了しました。名前: ログのすけ
2026-10-01T16:30:17.959+09:00  INFO 37132 --- [demo] [SpringApplicationShutdownHook] o.s.boot.tomcat.GracefulShutdown         : Commencing graceful shutdown. Waiting for active requests to complete
2026-10-01T16:30:57.132+09:00  INFO 14412 --- [demo] [main] com.example.demo.DemoApplication         : Starting DemoApplication using Java 21.0.12.1 with PID 14412 (C:\Users\user1\Desktop\spring-study\target\classes started by user1 in C:\Users\user1\Desktop\spring-study)
2026-10-01T16:30:57.142+09:00  INFO 14412 --- [demo] [main] com.example.demo.DemoApplication         : No active profile set, falling back to 1 default profile: "default"
2026-10-01T16:30:58.941+09:00  INFO 14412 --- [demo] [main] .s.d.r.c.RepositoryConfigurationDelegate : Bootstrapping Spring Data JPA repositories in DEFAULT mode.
2026-10-01T16:30:59.036+09:00  INFO 14412 --- [demo] [main] .s.d.r.c.RepositoryConfigurationDelegate : Finished Spring Data repository scanning in 78 ms. Found 2 JPA repository interfaces.
2026-10-01T16:31:00.061+09:00  INFO 14412 --- [demo] [main] o.s.boot.tomcat.TomcatWebServer          : Tomcat initialized with port 8080 (http)
2026-10-01T16:31:00.094+09:00  INFO 14412 --- [demo] [main] o.apache.catalina.core.StandardService   : Starting service [Tomcat]
2026-10-01T16:31:00.097+09:00  INFO 14412 --- [demo] [main] o.apache.catalina.core.StandardEngine    : Starting Servlet engine: [Apache Tomcat/11.0.24]
2026-10-01T16:31:00.299+09:00  INFO 14412 --- [demo] [main] b.w.c.s.WebApplicationContextInitializer : Root WebApplicationContext: initialization completed in 3010 ms
2026-10-01T16:31:00.754+09:00  INFO 14412 --- [demo] [main] org.hibernate.orm.jpa                    : HHH008540: Processing PersistenceUnitInfo [name: default]
2026-10-01T16:31:01.055+09:00  INFO 14412 --- [demo] [main] org.hibernate.orm.core                   : HHH000001: Hibernate ORM core version 7.4.5.Final
2026-10-01T16:31:02.596+09:00  INFO 14412 --- [demo] [main] o.s.o.j.p.SpringPersistenceUnitInfo      : No LoadTimeWeaver setup: ignoring JPA class transformer
2026-10-01T16:31:02.698+09:00  INFO 14412 --- [demo] [main] com.zaxxer.hikari.HikariDataSource       : HikariPool-1 - Starting...
2026-10-01T16:31:03.975+09:00  INFO 14412 --- [demo] [main] com.zaxxer.hikari.pool.HikariPool        : HikariPool-1 - Added connection com.mysql.cj.jdbc.ConnectionImpl@73958426
2026-10-01T16:31:03.981+09:00  INFO 14412 --- [demo] [main] com.zaxxer.hikari.HikariDataSource       : HikariPool-1 - Start completed.
2026-10-01T16:31:04.495+09:00  INFO 14412 --- [demo] [main] org.hibernate.orm.connections.pooling    : HHH10001005: Database info:
	Database JDBC URL [jdbc:mysql://localhost:3306/spring_db]
	Database driver: MySQL Connector/J
	Database dialect: MySQLDialect
	Database version: 8.0.46
	Default catalog/schema: spring_db/undefined
	Autocommit mode: undefined/unknown
	Isolation level: REPEATABLE_READ [default REPEATABLE_READ]
	JDBC fetch size: none
	Pool: DataSourceConnectionProvider
	Minimum pool size: undefined/unknown
	Maximum pool size: undefined/unknown
2026-10-01T16:31:07.567+09:00  INFO 14412 --- [demo] [main] org.hibernate.orm.core                   : HHH000489: No JTA platform available (set 'hibernate.transaction.jta.platform' to enable JTA platform integration)
2026-10-01T16:31:08.095+09:00  INFO 14412 --- [demo] [main] j.LocalContainerEntityManagerFactoryBean : Initialized JPA EntityManagerFactory for persistence unit 'default'
2026-10-01T16:31:08.309+09:00  INFO 14412 --- [demo] [main] o.s.d.j.r.query.QueryEnhancerFactories   : Hibernate is in classpath; If applicable, HQL parser will be used.
2026-10-01T16:31:08.937+09:00  WARN 14412 --- [demo] [main] JpaBaseConfiguration$JpaWebConfiguration : spring.jpa.open-in-view is enabled by default. Therefore, database queries may be performed during view rendering. Explicitly configure spring.jpa.open-in-view to disable this warning
2026-10-01T16:31:09.818+09:00  INFO 14412 --- [demo] [main] o.s.boot.tomcat.TomcatWebServer          : Tomcat started on port 8080 (http) with context path '/'
2026-10-01T16:31:09.826+09:00  INFO 14412 --- [demo] [main] com.example.demo.DemoApplication         : Started DemoApplication in 13.692 seconds (process running for 14.632)
2026-10-01T16:32:02.529+09:00  INFO 14412 --- [demo] [http-nio-8080-exec-2] o.a.c.c.C.[Tomcat].[localhost].[/]       : Initializing Spring DispatcherServlet 'dispatcherServlet'
2026-10-01T16:32:02.556+09:00  INFO 14412 --- [demo] [http-nio-8080-exec-2] o.s.web.servlet.DispatcherServlet        : Initializing Servlet 'dispatcherServlet'
2026-10-01T16:32:02.680+09:00  INFO 14412 --- [demo] [http-nio-8080-exec-2] o.s.web.servlet.DispatcherServlet        : Completed initialization in 120 ms
2026-10-01T16:32:05.650+09:00  INFO 14412 --- [demo] [http-nio-8080-exec-4] o.springdoc.api.AbstractOpenApiResource  : Init duration for springdoc-openapi is: 1086 ms
2026-10-01T16:32:44.599+09:00  INFO 14412 --- [demo] [http-nio-8080-exec-5] com.example.demo.PetService              : 🐾　新しいペットの登録処理を開始します。リクエストデータ - 名前: ストップウォッチの子, 品種: パピヨン
2026-10-01T16:32:45.291+09:00  INFO 14412 --- [demo] [http-nio-8080-exec-5] com.example.demo.PetService              : ✅ DB保存完了 (名前: ストップウォッチの子) - 処理時間: 692 ms
